// Jest Snapshot v1, https://goo.gl/fbAQLP

exports[`renders correctly 1`] = `
Array [
  <section
    className="max-w-screen-2xl mx-auto bg-white px-5 lg:px-10 2xl:px-20 pb-10"
  >
    <div
      className="flex flex-col items-center justify-center space-y-8 lg:space-y-0 lg:space-x-4 xl:space-x-0 lg:flex-row gap-12"
    >
      <div>
        <img
          alt=""
          className="block object-scale-down lg:w-80 lg:h36"
          src="logo-2.png"
        />
      </div>
      <div>
        <img
          alt=""
          className="block object-scale-down lg:w-80 lg:h36"
          src="logo.png"
        />
      </div>
      <div>
        <img
          alt=""
          className="block object-scale-down lg:w-80 lg:h36"
          src="logo-3.png"
        />
      </div>
    </div>
  </section>,
  <section
    className="bg-add px-5 lg:px-10 2xl:px-20 py-10 xl:py-16"
  >
    <div
      className="max-w-screen-2xl mx-auto flex flex-col xl:flex-row px-0 pb-16 w-full border-solid border-black border-opacity-50"
    >
      <div
        className="w-full xl:w-1/2"
      >
        <div
          className="flex items-start justify-center xl:justify-start"
        >
          <img
            alt="logo"
            className="block object-contain lg:w-80 lg:h36"
            src="logo.png"
          />
        </div>
      </div>
      <div
        className="flex flex-col sm:flex-row xl:flex-col 2xl:flex-row w-full sm:w-full xl:w-1/2"
      >
        <div
          className="grid w-full grid-cols-2 xl:pl-10 mb-10 sm:mb-0 xl:mb-10 2xl:mb-0"
        >
          <div
            className="p-0"
          >
            <h5
              className="text-lg font-bold text-black"
            >
              Sobre nosotros
            </h5>
            <nav
              className="mt-4"
            >
              <ul
                className="leading-6"
              >
                <li>
                  <a
                    className="text-lg font-normal opacity-80"
                    href="/#"
                  >
                    Quiénes Somos
                  </a>
                </li>
                <li>
                  <a
                    className="text-lg font-normal opacity-80"
                    href="/#"
                  >
                    Historia
                  </a>
                </li>
                <li>
                  <a
                    className="text-lg font-normal opacity-80"
                    href="/#"
                  >
                    Misión
                  </a>
                </li>
                <li>
                  <a
                    className="text-lg font-normal opacity-80"
                    href="/#"
                  >
                    Base Legal
                  </a>
                </li>
              </ul>
            </nav>
          </div>
          <div
            className="p-0"
          >
            <h5
              className="text-lg font-bold text-black"
            >
              Página principal
            </h5>
            <nav
              className="mt-4"
            >
              <ul
                className="leading-6"
              >
                <li>
                  <a
                    className="text-lg font-normal opacity-80"
                    href="/#"
                  >
                    Nosotros
                  </a>
                </li>
                <li>
                  <a
                    className="text-lg font-normal opacity-80"
                    href="/#"
                  >
                    Formación y capacitación
                  </a>
                </li>
                <li>
                  <a
                    className="text-lg font-normal opacity-80"
                    href="/#"
                  >
                    Investigación y normalización
                  </a>
                </li>
                <li>
                  <a
                    className="text-lg font-normal opacity-80"
                    href="/#"
                  >
                    Contribución al SENCICO
                  </a>
                </li>
              </ul>
            </nav>
          </div>
        </div>
        <div
          className="flex flex-col xl:flex-row 2xl:flex-col items-center justify-center xl:justify-between xl:px-10 2xl:px-0 2xl:justify-center"
        >
          <a
            className="inline-flex items-end justify-center px-11 py-3.5 mb-7 xl:mb-0 2xl:mb-7 text-xl font-semibold leading-6 text-white whitespace-nowrap bg-black rounded-md shadow-button hover-scale tracking-add"
            href="/login"
            onClick={[Function]}
          >
            Iniciar Sesión
          </a>
          <a
            className="inline-flex shadow-button items-end justify-center px-14 py-3.5 text-xl font-semibold leading-6 text-white whitespace-no-wrap add-color-icon hover-scale rounded-md"
            href="/register"
            onClick={[Function]}
          >
            Regístrate
          </a>
        </div>
      </div>
    </div>
    <div
      className="border-solid border-add-2 border-black border-opacity-50"
    />
    <div
      className="max-w-screen-2xl mx-auto"
    >
      <div
        className="flex flex-col items-center justify-between mx-auto mt-16 space-y-4 md:space-y-0 md:flex-row lg:mt-20"
      >
        <div
          className="space-y-4 text-sm text-center md:space-y-0 md:text-left"
        >
          <p
            className="text-black text-lg opacity-80"
          >
            SENCICO ©2021
          </p>
          <a
            className="my-4 text-xs leading-normal text-black text-lg opacity-80"
            href="/#"
          >
            Políticas de seguridad - Mapa del sitio - Términos y Condiciones.
          </a>
        </div>
        <nav
          className="flex flex-col xl:flex-row items-center space-x-4"
        >
          <div>
            <p
              className="text-black text-lg opacity-80 w-full xl:w-auto mb-5 xl:mb-0"
            >
              Síguenos en nuestras redes sociales:
            </p>
          </div>
          <div
            className="flex items-center space-x-4flex items-center space-x-4"
          >
            <a
              className="text-gray-500 hover:text-gray-600 w-auto"
              href="/#"
            >
              <span
                className="sr-only"
              >
                Facebook
              </span>
              <img
                alt="Facebook"
                className="inset-0 object-cover"
                src="facebook.png"
              />
            </a>
            <a
              className="text-gray-500 hover:text-gray-600 w-auto"
              href="/#"
            >
              <span
                className="sr-only"
              >
                Twitter
              </span>
              <img
                alt="Twitter"
                className="inset-0 object-cover"
                src="twitter.png"
              />
            </a>
            <a
              className="text-gray-500 hover:text-gray-600 w-auto"
              href="/#"
            >
              <span
                className="sr-only"
              >
                Youtube
              </span>
              <img
                alt="Youtube"
                className="inset-0 object-cover"
                src="youtube.png"
              />
            </a>
            <a
              className="text-gray-500 hover:text-gray-600 w-auto"
              href="/#"
            >
              <span
                className="sr-only"
              >
                Mail
              </span>
              <img
                alt="Mail"
                className="inset-0 object-cover"
                src="mail.png"
              />
            </a>
          </div>
        </nav>
      </div>
    </div>
  </section>,
]
`;
