// Jest Snapshot v1, https://goo.gl/fbAQLP

exports[`renders correctly 1`] = `
<section
  className="sm:sticky top-0 z-50 w-full text-gray-700 bg-white body-font shadow-bottom shadow-box"
>
  <div
    className="flex max-w-screen-2xl px-8 mx-auto flex-col sm:flex-col lg:flex-row justify-between"
  >
    <div
      className="flex flex-col lg:flex-row w-full"
    >
      <div
        className="flex items-center mx-auto sm:mx-0 sm:justify-center lg:justify-start"
      >
        <a
          href="/"
          onClick={[Function]}
        >
          <img
            alt="logo"
            className="block max-w-full object-contain mx-h-4-6 lg:w-17-4"
            src="logo.png"
          />
        </a>
      </div>
      <nav
        className="flex items-center lg:w-full"
      >
        <div
          className="relative w-full my-7 lg:ml-7"
        >
          <form
            onSubmit={[Function]}
          >
            <input
              autoComplete="off"
              className="bg-secondComplementary text-gray-900 rounded-normal block pl-5 pr-10 py-3.5 w-full focus:outline-1 focus:outline-primary"
              onChange={[Function]}
              type="text"
              value=""
            />
          </form>
          <div
            className="absolute right-4 inset-y-0 flex items-center pointer-events-none"
          >
            <svg
              fill="none"
              height="25"
              viewBox="0 0 25 25"
              width="25"
              xmlns="http://www.w3.org/2000/svg"
            >
              <path
                clipRule="evenodd"
                d="M15.7794 17.2379C12.1353 20.1565 6.80108 19.9268 3.423 16.5487C-0.201548 12.9242 -0.201548 7.04762 3.423 3.42307C7.04756 -0.201488 12.9241 -0.201487 16.5487 3.42307C19.9267 6.80114 20.1565 12.1354 17.2378 15.7795L24.3268 22.8685C24.7296 23.2712 24.7296 23.9241 24.3268 24.3269C23.9241 24.7296 23.2711 24.7296 22.8684 24.3269L15.7794 17.2379ZM4.88141 15.0903C2.06232 12.2712 2.06232 7.70057 4.88141 4.88147C7.70051 2.06238 12.2712 2.06238 15.0903 4.88147C17.9073 7.6985 17.9094 12.2645 15.0965 15.0841C15.0944 15.0862 15.0923 15.0882 15.0902 15.0903C15.0882 15.0924 15.0861 15.0944 15.0841 15.0965C12.2645 17.9094 7.69844 17.9074 4.88141 15.0903Z"
                fill="#11698E"
                fillRule="evenodd"
              />
            </svg>
          </div>
        </div>
      </nav>
    </div>
    <div
      className="relative sm:w-max sm:mx-auto lg:w-auto lg:mx-0 justify-center mb-4 gap-4 flex-col sm:flex-row lg:mb-0 lg:flex-row inline-flex items-center lg:justify-around lg:space-x-3"
    >
      <div
        className="text-center w-1/2"
      >
        <a
          className="inline-flex hover-scale items-center justify-center px-11 py-3.5 text-xl font-semibold leading-6 text-text whitespace-no-wrap"
          href="/"
          onClick={[Function]}
        >
          Inicio
        </a>
      </div>
      <div
        className="w-auto"
      >
        <a
          className="inline-flex hover-scale items-center justify-center px-11 py-3.5 text-xl font-semibold leading-6 text-white whitespace-nowrap bg-primary rounded-normal shadow-button tracking-add"
          href="/login"
          onClick={[Function]}
        >
          Iniciar Sesión
        </a>
      </div>
      <div
        className="w-auto"
      >
        <a
          className="inline-flex hover-scale items-center justify-center px-14 py-3.5 text-xl font-semibold leading-6 text-white whitespace-no-wrap bg-tertiary rounded-normal shadow-button"
          href="/register"
          onClick={[Function]}
        >
          Regístrate
        </a>
      </div>
    </div>
  </div>
</section>
`;
